// Jest Snapshot v1, https://goo.gl/fbAQLP

exports[`Contact.vue Component matches snapshot 1`] = `
<div class="mt-10">
  <h5>Example Component for &lt;Contact&gt;</h5>
  <form method="post" novalidate="novalidate">
    <div class="form-group"><label for="name">Name</label> <input id="name" type="text" placeholder="Enter name" class="form-control">
      <!---->
      <!---->
      <!---->
    </div>
    <div class="form-group"><label for="company">Company</label> <input id="company" type="text" placeholder="Enter company" class="form-control">
      <!---->
      <!---->
      <!---->
    </div>
    <div class="form-group"><label for="email">Email address</label> <input id="email" type="email" aria-describedby="emailHelp" placeholder="Enter email" class="form-control">
      <!---->
      <!---->
      <!----> <small id="emailHelp" class="form-text text-muted">We'll never share your email with anyone else.</small>
    </div>
    <div class="form-group"><label for="phone">Phone number</label> <input id="phone" type="phone" placeholder="###-###-####" class="form-control">
      <!---->
      <!---->
    </div>
    <div class="form-group"><label for="name">Message</label> <textarea id="message" placeholder="Enter a message" class="form-control"></textarea>
      <!---->
      <!---->
    </div> <button id="submit-button" type="submit" class="btn btn-primary">
      Submit
    </button>
    &nbsp;<a href="javascript:void(0)">Clear</a>
    <!---->
    <!---->
    <!---->
    <!---->
  </form>
</div>
`;
